[debug] [2026-08-03T09:26:17.558Z] ----------------------------------------------------------------------
[debug] [2026-08-03T09:26:17.561Z] Command:       /usr/local/bin/node /usr/local/bin/firebase projects:list
[debug] [2026-08-03T09:26:17.562Z] CLI Version:   15.24.0
[debug] [2026-08-03T09:26:17.562Z] Platform:      linux
[debug] [2026-08-03T09:26:17.562Z] Node Version:  v22.23.1
[debug] [2026-08-03T09:26:17.563Z] Detected Agent: unknown
[debug] [2026-08-03T09:26:17.563Z] Time:          Mon Aug 03 2026 09:26:17 GMT+0000 (Coordinated Universal Time)
[debug] [2026-08-03T09:26:17.563Z] ----------------------------------------------------------------------
[debug] 
[debug] [2026-08-03T09:26:17.591Z] >>> [apiv2][query] GET https://firebase-public.firebaseio.com/cli.json [none]
[debug] [2026-08-03T09:26:17.947Z] > command requires scopes: ["email","openid","https://www.googleapis.com/auth/cloudplatformprojects.readonly","https://www.googleapis.com/auth/firebase","https://www.googleapis.com/auth/cloud-platform"]
[debug] [2026-08-03T09:26:17.996Z] Running auto auth
[debug] [2026-08-03T09:26:18.003Z] No OAuth tokens found
[debug] [2026-08-03T09:26:18.004Z] >>> [apiv2][query] GET https://firebase.googleapis.com/v1beta1/projects pageSize=1000
[debug] [2026-08-03T09:26:18.049Z] <<< [apiv2][status] GET https://firebase.googleapis.com/v1beta1/projects 403
[debug] [2026-08-03T09:26:18.050Z] <<< [apiv2][body] GET https://firebase.googleapis.com/v1beta1/projects [omitted]
[debug] [2026-08-03T09:26:18.051Z] Request to https://firebase.googleapis.com/v1beta1/projects?pageSize=1000 had HTTP Error: 403, Firebase Management API has not been used in project 110393045040 before or it is disabled. Enable it by visiting https://console.developers.google.com/apis/api/firebase.googleapis.com/overview?project=110393045040 then retry. If you enabled this API recently, wait a few minutes for the action to propagate to our systems and retry.
[debug] [2026-08-03T09:26:18.052Z] FirebaseError: Request to https://firebase.googleapis.com/v1beta1/projects?pageSize=1000 had HTTP Error: 403, Firebase Management API has not been used in project 110393045040 before or it is disabled. Enable it by visiting https://console.developers.google.com/apis/api/firebase.googleapis.com/overview?project=110393045040 then retry. If you enabled this API recently, wait a few minutes for the action to propagate to our systems and retry.
    at responseToError (/usr/local/lib/node_modules/firebase-tools/lib/responseToError.js:53:12)
    at RetryOperation._fn (/usr/local/lib/node_modules/firebase-tools/lib/apiv2.js:415:77)
    at process.processTicksAndRejections (node:internal/process/task_queues:103:5)
[error] 
[error] Error: Failed to list Firebase projects. See firebase-debug.log for more info.
[debug] [2026-08-03T09:44:10.171Z] ----------------------------------------------------------------------
[debug] [2026-08-03T09:44:10.174Z] Command:       /usr/local/bin/node /usr/local/bin/firebase deploy --only hosting --project myfeedlk --non-interactive
[debug] [2026-08-03T09:44:10.174Z] CLI Version:   15.24.0
[debug] [2026-08-03T09:44:10.175Z] Platform:      linux
[debug] [2026-08-03T09:44:10.175Z] Node Version:  v22.23.1
[debug] [2026-08-03T09:44:10.175Z] Detected Agent: unknown
[debug] [2026-08-03T09:44:10.175Z] Time:          Mon Aug 03 2026 09:44:10 GMT+0000 (Coordinated Universal Time)
[debug] [2026-08-03T09:44:10.175Z] ----------------------------------------------------------------------
[debug] 
[debug] [2026-08-03T09:44:10.211Z] >>> [apiv2][query] GET https://firebase-public.firebaseio.com/cli.json [none]
[debug] [2026-08-03T09:44:14.896Z] > command requires scopes: ["email","openid","https://www.googleapis.com/auth/cloudplatformprojects.readonly","https://www.googleapis.com/auth/firebase","https://www.googleapis.com/auth/cloud-platform"]
[debug] [2026-08-03T09:44:14.919Z] Running auto auth
[debug] [2026-08-03T09:44:14.923Z] [iam] checking project myfeedlk for permissions ["firebase.projects.get","firebasehosting.sites.update"]
[debug] [2026-08-03T09:44:14.924Z] No OAuth tokens found
[debug] [2026-08-03T09:44:14.925Z] >>> [apiv2][query] POST https://cloudresourcemanager.googleapis.com/v1/projects/myfeedlk:testIamPermissions [none]
[debug] [2026-08-03T09:44:14.925Z] >>> [apiv2][(partial)header] POST https://cloudresourcemanager.googleapis.com/v1/projects/myfeedlk:testIamPermissions  x-goog-user-project=myfeedlk
[debug] [2026-08-03T09:44:14.925Z] >>> [apiv2][body] POST https://cloudresourcemanager.googleapis.com/v1/projects/myfeedlk:testIamPermissions {"permissions":["firebase.projects.get","firebasehosting.sites.update"]}
[debug] [2026-08-03T09:44:15.227Z] <<< [apiv2][status] GET https://firebase-public.firebaseio.com/cli.json 200
[debug] [2026-08-03T09:44:15.227Z] <<< [apiv2][body] GET https://firebase-public.firebaseio.com/cli.json {"cloudBuildErrorAfter":1594252800000,"cloudBuildWarnAfter":1590019200000,"defaultNode10After":1594252800000,"minVersion":"3.0.5","node8DeploysDisabledAfter":1613390400000,"node8RuntimeDisabledAfter":1615809600000,"node8WarnAfter":1600128000000}
[debug] [2026-08-03T09:44:15.919Z] <<< [apiv2][status] POST https://cloudresourcemanager.googleapis.com/v1/projects/myfeedlk:testIamPermissions 400
[debug] [2026-08-03T09:44:15.919Z] <<< [apiv2][body] POST https://cloudresourcemanager.googleapis.com/v1/projects/myfeedlk:testIamPermissions {"error":{"code":400,"message":"Project 'projects/myfeedlk' not found or deleted.","status":"INVALID_ARGUMENT","details":[{"@type":"type.googleapis.com/google.rpc.ErrorInfo","reason":"USER_PROJECT_DENIED","domain":"googleapis.com","metadata":{"consumer":"projects/myfeedlk","containerInfo":"projects/myfeedlk","service":"cloudresourcemanager.googleapis.com"}}]}}
[debug] [2026-08-03T09:44:15.920Z] [iam] error while checking permissions, command may fail: Request to https://cloudresourcemanager.googleapis.com/v1/projects/myfeedlk:testIamPermissions had HTTP Error: 400, Project 'projects/myfeedlk' not found or deleted.
[debug] [2026-08-03T09:44:15.921Z] No OAuth tokens found
[debug] [2026-08-03T09:44:15.921Z] >>> [apiv2][query] GET https://firebase.googleapis.com/v1beta1/projects/myfeedlk [none]
[debug] [2026-08-03T09:44:16.207Z] <<< [apiv2][status] GET https://firebase.googleapis.com/v1beta1/projects/myfeedlk 403
[debug] [2026-08-03T09:44:16.207Z] <<< [apiv2][body] GET https://firebase.googleapis.com/v1beta1/projects/myfeedlk {"error":{"code":403,"message":"Firebase Management API has not been used in project 110393045040 before or it is disabled. Enable it by visiting https://console.developers.google.com/apis/api/firebase.googleapis.com/overview?project=110393045040 then retry. If you enabled this API recently, wait a few minutes for the action to propagate to our systems and retry.","status":"PERMISSION_DENIED","details":[{"@type":"type.googleapis.com/google.rpc.ErrorInfo","reason":"SERVICE_DISABLED","domain":"googleapis.com","metadata":{"activationUrl":"https://console.developers.google.com/apis/api/firebase.googleapis.com/overview?project=110393045040","consumer":"projects/110393045040","containerInfo":"110393045040","service":"firebase.googleapis.com","serviceTitle":"Firebase Management API"}},{"@type":"type.googleapis.com/google.rpc.LocalizedMessage","locale":"en-US","message":"Firebase Management API has not been used in project 110393045040 before or it is disabled. Enable it by visiting https://console.developers.google.com/apis/api/firebase.googleapis.com/overview?project=110393045040 then retry. If you enabled this API recently, wait a few minutes for the action to propagate to our systems and retry."},{"@type":"type.googleapis.com/google.rpc.Help","links":[{"description":"Google developers console API activation","url":"https://console.developers.google.com/apis/api/firebase.googleapis.com/overview?project=110393045040"}]}]}}
[debug] [2026-08-03T09:44:16.207Z] Request to https://firebase.googleapis.com/v1beta1/projects/myfeedlk had HTTP Error: 403, Firebase Management API has not been used in project 110393045040 before or it is disabled. Enable it by visiting https://console.developers.google.com/apis/api/firebase.googleapis.com/overview?project=110393045040 then retry. If you enabled this API recently, wait a few minutes for the action to propagate to our systems and retry.
[debug] [2026-08-03T09:44:16.208Z] FirebaseError: Request to https://firebase.googleapis.com/v1beta1/projects/myfeedlk had HTTP Error: 403, Firebase Management API has not been used in project 110393045040 before or it is disabled. Enable it by visiting https://console.developers.google.com/apis/api/firebase.googleapis.com/overview?project=110393045040 then retry. If you enabled this API recently, wait a few minutes for the action to propagate to our systems and retry.
    at responseToError (/usr/local/lib/node_modules/firebase-tools/lib/responseToError.js:53:12)
    at RetryOperation._fn (/usr/local/lib/node_modules/firebase-tools/lib/apiv2.js:415:77)
    at process.processTicksAndRejections (node:internal/process/task_queues:103:5)
[error] 
[error] Error: Failed to get Firebase project myfeedlk. Please make sure the project exists and your account has permission to access it.
[debug] [2026-08-03T20:09:50.087Z] ----------------------------------------------------------------------
[debug] [2026-08-03T20:09:50.091Z] Command:       /usr/local/bin/node /usr/local/bin/firebase deploy --only hosting
[debug] [2026-08-03T20:09:50.092Z] CLI Version:   15.24.0
[debug] [2026-08-03T20:09:50.092Z] Platform:      linux
[debug] [2026-08-03T20:09:50.092Z] Node Version:  v22.23.1
[debug] [2026-08-03T20:09:50.093Z] Detected Agent: unknown
[debug] [2026-08-03T20:09:50.093Z] Time:          Mon Aug 03 2026 20:09:50 GMT+0000 (Coordinated Universal Time)
[debug] [2026-08-03T20:09:50.093Z] ----------------------------------------------------------------------
[debug] 
[debug] [2026-08-03T20:09:50.130Z] >>> [apiv2][query] GET https://firebase-public.firebaseio.com/cli.json [none]
[debug] [2026-08-03T20:09:55.395Z] > command requires scopes: ["email","openid","https://www.googleapis.com/auth/cloudplatformprojects.readonly","https://www.googleapis.com/auth/firebase","https://www.googleapis.com/auth/cloud-platform"]
[debug] [2026-08-03T20:09:55.438Z] Running auto auth
[debug] [2026-08-03T20:09:55.442Z] [iam] checking project myfeedlk for permissions ["firebase.projects.get","firebasehosting.sites.update"]
[debug] [2026-08-03T20:09:55.443Z] No OAuth tokens found
[debug] [2026-08-03T20:09:55.443Z] >>> [apiv2][query] POST https://cloudresourcemanager.googleapis.com/v1/projects/myfeedlk:testIamPermissions [none]
[debug] [2026-08-03T20:09:55.443Z] >>> [apiv2][(partial)header] POST https://cloudresourcemanager.googleapis.com/v1/projects/myfeedlk:testIamPermissions  x-goog-user-project=myfeedlk
[debug] [2026-08-03T20:09:55.443Z] >>> [apiv2][body] POST https://cloudresourcemanager.googleapis.com/v1/projects/myfeedlk:testIamPermissions {"permissions":["firebase.projects.get","firebasehosting.sites.update"]}
[debug] [2026-08-03T20:09:56.525Z] <<< [apiv2][status] POST https://cloudresourcemanager.googleapis.com/v1/projects/myfeedlk:testIamPermissions 400
[debug] [2026-08-03T20:09:56.526Z] <<< [apiv2][body] POST https://cloudresourcemanager.googleapis.com/v1/projects/myfeedlk:testIamPermissions {"error":{"code":400,"message":"Project 'projects/myfeedlk' not found or deleted.","status":"INVALID_ARGUMENT","details":[{"@type":"type.googleapis.com/google.rpc.ErrorInfo","reason":"USER_PROJECT_DENIED","domain":"googleapis.com","metadata":{"consumer":"projects/myfeedlk","containerInfo":"projects/myfeedlk","service":"cloudresourcemanager.googleapis.com"}}]}}
[debug] [2026-08-03T20:09:56.527Z] [iam] error while checking permissions, command may fail: Request to https://cloudresourcemanager.googleapis.com/v1/projects/myfeedlk:testIamPermissions had HTTP Error: 400, Project 'projects/myfeedlk' not found or deleted.
[debug] [2026-08-03T20:09:56.527Z] No OAuth tokens found
[debug] [2026-08-03T20:09:56.528Z] >>> [apiv2][query] GET https://firebase.googleapis.com/v1beta1/projects/myfeedlk [none]
[debug] [2026-08-03T20:09:56.822Z] <<< [apiv2][status] GET https://firebase.googleapis.com/v1beta1/projects/myfeedlk 403
[debug] [2026-08-03T20:09:56.822Z] <<< [apiv2][body] GET https://firebase.googleapis.com/v1beta1/projects/myfeedlk {"error":{"code":403,"message":"Firebase Management API has not been used in project 110393045040 before or it is disabled. Enable it by visiting https://console.developers.google.com/apis/api/firebase.googleapis.com/overview?project=110393045040 then retry. If you enabled this API recently, wait a few minutes for the action to propagate to our systems and retry.","status":"PERMISSION_DENIED","details":[{"@type":"type.googleapis.com/google.rpc.ErrorInfo","reason":"SERVICE_DISABLED","domain":"googleapis.com","metadata":{"serviceTitle":"Firebase Management API","containerInfo":"110393045040","consumer":"projects/110393045040","activationUrl":"https://console.developers.google.com/apis/api/firebase.googleapis.com/overview?project=110393045040","service":"firebase.googleapis.com"}},{"@type":"type.googleapis.com/google.rpc.LocalizedMessage","locale":"en-US","message":"Firebase Management API has not been used in project 110393045040 before or it is disabled. Enable it by visiting https://console.developers.google.com/apis/api/firebase.googleapis.com/overview?project=110393045040 then retry. If you enabled this API recently, wait a few minutes for the action to propagate to our systems and retry."},{"@type":"type.googleapis.com/google.rpc.Help","links":[{"description":"Google developers console API activation","url":"https://console.developers.google.com/apis/api/firebase.googleapis.com/overview?project=110393045040"}]}]}}
[debug] [2026-08-03T20:09:56.822Z] Request to https://firebase.googleapis.com/v1beta1/projects/myfeedlk had HTTP Error: 403, Firebase Management API has not been used in project 110393045040 before or it is disabled. Enable it by visiting https://console.developers.google.com/apis/api/firebase.googleapis.com/overview?project=110393045040 then retry. If you enabled this API recently, wait a few minutes for the action to propagate to our systems and retry.
[debug] [2026-08-03T20:09:56.823Z] FirebaseError: Request to https://firebase.googleapis.com/v1beta1/projects/myfeedlk had HTTP Error: 403, Firebase Management API has not been used in project 110393045040 before or it is disabled. Enable it by visiting https://console.developers.google.com/apis/api/firebase.googleapis.com/overview?project=110393045040 then retry. If you enabled this API recently, wait a few minutes for the action to propagate to our systems and retry.
    at responseToError (/usr/local/lib/node_modules/firebase-tools/lib/responseToError.js:53:12)
    at RetryOperation._fn (/usr/local/lib/node_modules/firebase-tools/lib/apiv2.js:415:77)
    at process.processTicksAndRejections (node:internal/process/task_queues:103:5)
[error] 
[error] Error: Failed to get Firebase project myfeedlk. Please make sure the project exists and your account has permission to access it.
